// Jest Snapshot v1, https://goo.gl/fbAQLP

exports[`renders 1`] = `
<DocumentFragment>
  <section
    class="resume-section"
    id="skills"
  >
    <div
      class="resume-section-content"
    >
      <h2
        class="mb-5"
      >
        Skills
      </h2>
      <div
        class="subheading mb-3"
      >
        Programming Languages & Tools
      </div>
      <ul
        class="list-inline dev-icons"
      >
        <li
          class="list-inline-item"
        >
          <i
            class="fab fa-html5"
          />
        </li>
        <li
          class="list-inline-item"
        >
          <i
            class="fab fa-css3-alt"
          />
        </li>
        <li
          class="list-inline-item"
        >
          <i
            class="fab fa-sass"
          />
        </li>
        <li
          class="list-inline-item"
        >
          <i
            class="fab fa-js"
          />
        </li>
        <li
          class="list-inline-item"
        >
          <i
            class="fab fa-react"
          />
        </li>
        <li
          class="list-inline-item"
        >
          <i
            class="fab fa-bootstrap"
          />
        </li>
        <li
          class="list-inline-item"
        >
          <i
            class="fab fa-npm"
          />
        </li>
        <li
          class="list-inline-item"
        >
          <i
            class="fab fa-node-js"
          />
        </li>
        <li
          class="list-inline-item"
        >
          <i
            class="fab fa-wordpress"
          />
        </li>
        <li
          class="list-inline-item"
        >
          <i
            class="fab fa-angular"
          />
        </li>
      </ul>
      <div
        class="subheading mb-3"
      >
        Workflow
      </div>
      <ul
        class="fa-ul mb-0"
      >
        <li>
          <span
            class="fa-li"
          >
            <i
              class="fa fa-check"
            />
          </span>
          Mobile-First, Responsive Design
        </li>
        <li>
          <span
            class="fa-li"
          >
            <i
              class="fa fa-check"
            />
          </span>
          Cross Browser Testing & Debugging
        </li>
        <li>
          <span
            class="fa-li"
          >
            <i
              class="fa fa-check"
            />
          </span>
          Cross Functional Teams
        </li>
        <li>
          <span
            class="fa-li"
          >
            <i
              class="fa fa-check"
            />
          </span>
          Agile Development & Scrum
        </li>
      </ul>
    </div>
  </section>
</DocumentFragment>
`;
